I001 [*] Import block is un-sorted or un-formatted
  --> benchmarks\c3\realworld_probe.py:3:1
   |
 1 |   """Offline probes of manual-review leads; not real scan findings or labels."""
 2 |
 3 | / from __future__ import annotations
 4 | |
 5 | | import json
 6 | | import os
 7 | | from pathlib import Path
 8 | | from unittest.mock import patch
 9 | |
10 | | from ai_code_audit.hybrid_cli import _validate_git_url
11 | | from ai_code_audit.cli import _write_output
   | |___________________________________________^
help: Organize imports
   |
9  |
10 + from ai_code_audit.cli import _write_output
11 | from ai_code_audit.hybrid_cli import _validate_git_url
   - from ai_code_audit.cli import _write_output
12 |
   |

Found 1 error.
[*] 1 fixable with the `--fix` option.
